
> backend@1.0.0 server
> nodemon server.js

[33m[nodemon] 3.1.14[39m
[33m[nodemon] to restart at any time, enter `rs`[39m
[33m[nodemon] watching path(s): *.*[39m
[33m[nodemon] watching extensions: js,mjs,cjs,json[39m
[32m[nodemon] starting `node server.js`[39m
MongoDB Connected: ac-6tmswio-shard-00-01.exg0qs6.mongodb.net
[SEED] Promoted existing user gawaliomkar2005@gmail.com to Super Admin.
Server started on port 5000
[32m[nodemon] restarting due to changes...[39m
[32m[nodemon] starting `node server.js`[39m
[32m[nodemon] restarting due to changes...[39m
[32m[nodemon] starting `node server.js`[39m
[32m[nodemon] restarting due to changes...[39m
[32m[nodemon] restarting due to changes...[39m
[32m[nodemon] starting `node server.js`[39m
[32m[nodemon] restarting due to changes...[39m
[32m[nodemon] starting `node server.js`[39m
[32m[nodemon] restarting due to changes...[39m
[32m[nodemon] restarting due to changes...[39m
[32m[nodemon] starting `node server.js`[39m
[32m[nodemon] restarting due to changes...[39m
[32m[nodemon] starting `node server.js`[39m
MongoDB Connected: ac-6tmswio-shard-00-00.exg0qs6.mongodb.net
[SEED] Promoted existing user gawaliomkar2005@gmail.com to Super Admin.
Server started on port 5000
[32m[nodemon] restarting due to changes...[39m
[32m[nodemon] restarting due to changes...[39m
[32m[nodemon] starting `node server.js`[39m
MongoDB Connected: ac-6tmswio-shard-00-02.exg0qs6.mongodb.net
[SEED] Promoted existing user gawaliomkar2005@gmail.com to Super Admin.
Server started on port 5000
[32m[nodemon] restarting due to changes...[39m
[32m[nodemon] starting `node server.js`[39m
MongoDB Connected: ac-6tmswio-shard-00-02.exg0qs6.mongodb.net
[SEED] Promoted existing user gawaliomkar2005@gmail.com to Super Admin.
Server started on port 5000
[32m[nodemon] restarting due to changes...[39m
[32m[nodemon] restarting due to changes...[39m
[32m[nodemon] starting `node server.js`[39m
[32m[nodemon] restarting due to changes...[39m
[32m[nodemon] restarting due to changes...[39m
[32m[nodemon] starting `node server.js`[39m
MongoDB Connected: ac-6tmswio-shard-00-02.exg0qs6.mongodb.net
[SEED] Promoted existing user gawaliomkar2005@gmail.com to Super Admin.
Server started on port 5000
[32m[nodemon] restarting due to changes...[39m
[32m[nodemon] starting `node server.js`[39m
[32m[nodemon] restarting due to changes...[39m
MongoDB Connected: ac-6tmswio-shard-00-01.exg0qs6.mongodb.net
[32m[nodemon] restarting due to changes...[39m
[32m[nodemon] restarting due to changes...[39m
[SEED] Promoted existing user gawaliomkar2005@gmail.com to Super Admin.
Server started on port 5000
[32m[nodemon] starting `node server.js`[39m
MongoDB Connected: ac-6tmswio-shard-00-00.exg0qs6.mongodb.net
[SEED] Promoted existing user gawaliomkar2005@gmail.com to Super Admin.
Server started on port 5000
INVOICE EMAIL SENT: <f16e716b-8643-7969-3ec4-31707acedb51@gmail.com> -> nandinithakare2003@gmail.com
[32m[nodemon] restarting due to changes...[39m
[32m[nodemon] starting `node server.js`[39m
MongoDB Connected: ac-6tmswio-shard-00-00.exg0qs6.mongodb.net
[SEED] Promoted existing user gawaliomkar2005@gmail.com to Super Admin.
Server started on port 5000
INVOICE EMAIL SENT: <c61f0445-d909-6183-0230-7a9ca8386be5@gmail.com> -> gawaliomkar2005@gmail.com
INVOICE EMAIL SENT: <90312389-4e2b-4fb1-3f08-74bd53c57c9a@gmail.com> -> gawaliomkar2005@gmail.com
INVOICE EMAIL SENT: <14fb97b0-15cc-f3be-7c5f-e1934ea8ebcb@gmail.com> -> prathameshbhavsar26@gmail.com
[32m[nodemon] restarting due to changes...[39m
[32m[nodemon] restarting due to changes...[39m
[32m[nodemon] restarting due to changes...[39m
[32m[nodemon] restarting due to changes...[39m
[32m[nodemon] restarting due to changes...[39m
[32m[nodemon] restarting due to changes...[39m
[32m[nodemon] restarting due to changes...[39m
[32m[nodemon] restarting due to changes...[39m
[32m[nodemon] restarting due to changes...[39m
[32m[nodemon] starting `node server.js`[39m
[31m[nodemon] app crashed - waiting for file changes before starting...[39m
